{
    "Should run without failures": {
        "content": [
            {
                "0": [
                    [
                        {
                            "patient": "test",
                            "sample": "test",
                            "sex": "XX",
                            "status": 0,
                            "id": "test-test_L1",
                            "num_lanes": 1,
                            "read_group": "\"@RG\\tID:null.test.test_L1\\tPU:test_L1\\tSM:test_test\\tLB:test\\tDS:null\\tPL:ILLUMINA\"",
                            "data_type": "fastq",
                            "size": 1
                        },
                        [
                            "/nf-core/test-datasets/modules/data/genomics/homo_sapiens/illumina/fastq/test_1.fastq.gz",
                            "/nf-core/test-datasets/modules/data/genomics/homo_sapiens/illumina/fastq/test_2.fastq.gz"
                        ]
                    ]
                ],
                "input_sample": [
                    [
                        {
                            "patient": "test",
                            "sample": "test",
                            "sex": "XX",
                            "status": 0,
                            "id": "test-test_L1",
                            "num_lanes": 1,
                            "read_group": "\"@RG\\tID:null.test.test_L1\\tPU:test_L1\\tSM:test_test\\tLB:test\\tDS:null\\tPL:ILLUMINA\"",
                            "data_type": "fastq",
                            "size": 1
                        },
                        [
                            "/nf-core/test-datasets/modules/data/genomics/homo_sapiens/illumina/fastq/test_1.fastq.gz",
                            "/nf-core/test-datasets/modules/data/genomics/homo_sapiens/illumina/fastq/test_2.fastq.gz"
                        ]
                    ]
                ]
            }
        ],
        "timestamp": "2023-10-16T14:12:54.640503"
    }
}